// Jest Snapshot v1, https://goo.gl/fbAQLP

exports[`SelectedItem renders the card 1`] = `ShallowWrapper {}`;
